[covidrobots.org/instalacion/1/instalacion/index.html]
[backblue.gif]
[fade.gif]
[index.html]
[covidrobots.org/instalacion/1/instalacion/espacio.html]
[covidrobots.org/_/css/site.css]
[covidrobots.org/instalacion/1/instalacion/desembalado.html]
[covidrobots.org/_/img/logo.jpg]
[covidrobots.org/instalacion/1/instalacion/desbloqueo.html]
[covidrobots.org/instalacion/1/instalacion/pc.html]
[covidrobots.org/instalacion/1/instalacion/conexion.html]
[covidrobots.org/instalacion/1/instalacion/pipetas.html]
[covidrobots.org/instalacion/1/instalacion/modulos.html]
[covidrobots.org/instalacion/1/instalacion/calibracion.html]
[covidrobots.org/_/js/site.js]
[covidrobots.org/instalacion/1/instalacion/index.html]
[covidrobots.org/instalacion/1/instalacion/espacio.html]
[covidrobots.org/_/css/site.css]
[covidrobots.org/_/js/vendor/highlight.js]
[covidrobots.org/instalacion/1/instalacion/_images/unbox-01.gif]
[covidrobots.org/instalacion/1/instalacion/_images/unbox-04.gif]
[covidrobots.org/instalacion/1/instalacion/_images/unbox-03.gif]
[covidrobots.org/instalacion/1/instalacion/_images/unbox-05.gif]
[covidrobots.org/instalacion/1/instalacion/_images/unbox-02.gif]
[covidrobots.org/instalacion/1/instalacion/_images/unbox-06.gif]
[covidrobots.org/instalacion/1/instalacion/_images/unbox-07.gif]
[covidrobots.org/instalacion/1/instalacion/_images/unbox-08.gif]
[covidrobots.org/instalacion/1/instalacion/_images/unbox-09.gif]
[covidrobots.org/instalacion/1/instalacion/desembalado.html]
[covidrobots.org/instalacion/1/instalacion/_images/unbox-10.gif]
[covidrobots.org/instalacion/1/instalacion/_images/unlock-03.jpg]
[covidrobots.org/instalacion/1/instalacion/_images/unbox-11.gif]
[covidrobots.org/instalacion/1/instalacion/_images/unbox-12.gif]
[covidrobots.org/instalacion/1/instalacion/_images/unlock-02.gif]
[covidrobots.org/instalacion/1/instalacion/_images/unlock-05-1.gif]
[covidrobots.org/instalacion/1/instalacion/_images/unlock-04.gif]
[covidrobots.org/instalacion/1/instalacion/_images/unlock-05-2.gif]
[covidrobots.org/instalacion/1/instalacion/_images/unlock-06.gif]
[covidrobots.org/instalacion/1/instalacion/_images/unlock-08.gif]
[covidrobots.org/instalacion/1/instalacion/desbloqueo.html]
[covidrobots.org/instalacion/1/instalacion/pc.html]
[covidrobots.org/instalacion/1/instalacion/_images/conex-01.jpg]
[covidrobots.org/instalacion/1/instalacion/_images/usb-01.png]
[covidrobots.org/instalacion/1/instalacion/_images/usb-02.png]
[covidrobots.org/instalacion/1/instalacion/_images/unlock-07.gif]
[covidrobots.org/instalacion/1/instalacion/_images/wifi-01.gif]
[covidrobots.org/instalacion/1/instalacion/_images/wifi-02.gif]
[covidrobots.org/instalacion/1/instalacion/_images/unlock-09-2.gif]
[covidrobots.org/instalacion/1/instalacion/_images/unlock-09-1.gif]
[covidrobots.org/instalacion/1/instalacion/_images/elec-03.gif]
[covidrobots.org/instalacion/1/instalacion/_images/elec-04.jpg]
[covidrobots.org/instalacion/1/instalacion/_images/eth-01.png]
[covidrobots.org/instalacion/1/instalacion/conexion.html]
[covidrobots.org/instalacion/1/instalacion/_images/eth-02.png]
[covidrobots.org/instalacion/1/instalacion/_images/pip-01.jpg]
[covidrobots.org/instalacion/1/instalacion/_images/pip-03-1.jpg]
[covidrobots.org/instalacion/1/instalacion/_images/pipette-mount.jpg]
[covidrobots.org/instalacion/1/instalacion/_images/pip-03-2.jpg]
[covidrobots.org/instalacion/1/instalacion/_images/pip-04-1.jpg]
[covidrobots.org/instalacion/1/instalacion/_images/elec-01.gif]
[covidrobots.org/instalacion/1/instalacion/_images/pip-04-2.jpg]
[covidrobots.org/instalacion/1/instalacion/_images/pip-04-3.jpg]
[covidrobots.org/instalacion/1/instalacion/_images/pip-07-1.jpg]
[covidrobots.org/instalacion/1/instalacion/_images/pip-06.jpg]
[covidrobots.org/instalacion/1/instalacion/_images/pip-07-2.jpg]
[covidrobots.org/instalacion/1/instalacion/pipetas.html]
[covidrobots.org/instalacion/1/instalacion/_images/elec-02.png]
[covidrobots.org/instalacion/1/instalacion/_images/pip-05.jpg]
[covidrobots.org/instalacion/1/instalacion/_images/mag-04.3c.delayed]
[covidrobots.org/instalacion/1/instalacion/modulos.html]
[covidrobots.org/instalacion/1/instalacion/_images/mag-01.jpg]
[covidrobots.org/instalacion/1/instalacion/_images/cal-01.gif]
[covidrobots.org/instalacion/1/instalacion/_images/mag-02.jpg]
[covidrobots.org/instalacion/1/instalacion/_images/cal-02.gif]
[covidrobots.org/instalacion/1/instalacion/_images/cal-03.gif]
[covidrobots.org/instalacion/1/instalacion/_images/cal-04.gif]
[covidrobots.org/instalacion/1/instalacion/_images/cal-05.gif]
[covidrobots.org/instalacion/1/instalacion/_images/cal-06.gif]
[covidrobots.org/instalacion/1/instalacion/_images/cal-07.gif]
[covidrobots.org/instalacion/1/instalacion/_images/cal-08.gif]
[covidrobots.org/instalacion/1/instalacion/_images/cal-09.gif]
[covidrobots.org/instalacion/1/instalacion/_images/cal-10.gif]
[covidrobots.org/instalacion/1/instalacion/_images/cal-11.gif]
[covidrobots.org/instalacion/1/instalacion/_images/mag-03.jpg]
[covidrobots.org/instalacion/1/instalacion/_images/cal-12.gif]
[covidrobots.org/instalacion/1/instalacion/_images/cal-13.gif]
[covidrobots.org/instalacion/1/instalacion/_images/cal-14.gif]
[covidrobots.org/instalacion/1/instalacion/calibracion.html]
[covidrobots.org/instalacion/1/instalacion/_images/mag-04.html]
[covidrobots.org/instalacion/1/instalacion/_images/cal-15.gif]
